
C:\Projects\v4-02-carsAI>git add -A 

C:\Projects\v4-02-carsAI>git commit -am "Transform StartNPC to start_with_npc: agent_groups agent.get_groups agent_groups.find("Player")  " 
[initial 2ee3615] Transform StartNPC to start_with_npc: agent_groups agent.get_groups agent_groups.find(Player)
 7 files changed, 29 insertions(+), 15 deletions(-)
 create mode 100644 -1
 delete mode 100644 ai/tasks/StartRandomMove.gd
 create mode 100644 ai/tasks/find_target.gd
 create mode 100644 ai/tasks/start_with_npc.gd

C:\Projects\v4-02-carsAI>git fetch 

C:\Projects\v4-02-carsAI>git merge -X theirs 
Already up to date.

C:\Projects\v4-02-carsAI>git commit -am "merged theirs" 
[initial 8ab1d73] merged theirs
 1 file changed, 13 insertions(+)
